node.exe : npm warn Unknown env config "devdir". This will stop working in the next major version of npm. See `npm help
 npmrc` for supported config options.
At line:1 char:1
+ & "C:\Program Files\nodejs/node.exe" "C:\Program Files\nodejs/node_mo ...
+ ~~~~~~~~~~~~~~~~~~~~~~~~~~~~~~~~~~~~~~~~~~~~~~~~~~~~~~~~~~~~~~~~~~~~~
    + CategoryInfo          : NotSpecified: (npm warn Unknow...config options.:String) [], RemoteException
    + FullyQualifiedErrorId : NativeCommandError
 

> annvero-app@0.1.0 build
> next build

Ôû▓ Next.js 16.2.9 (Turbopack)
- Environments: .env.local

  Creating an optimized production build ...
Ô£ô Compiled successfully in 36.2s
  Running TypeScript ...
  Finished TypeScript in 16.0s ...
  Collecting page data using 7 workers ...
  Generating static pages using 7 workers (0/68) ...
  Generating static pages using 7 workers (17/68) 
  Generating static pages using 7 workers (34/68) 
  Generating static pages using 7 workers (51/68) 
Ô£ô Generating static pages using 7 workers (68/68) in 2.7s
  Finalizing page optimization ...

Route (app)
Ôöî Ôùï /
Ôö£ Ôùï /_not-found
Ôö£ Ôùï /admin/core-test-merkezi
Ôö£ Ôùï /admin/kullanicilar-roller
Ôö£ Ôùï /admin/mevzuat-hap-notlari
Ôö£ Ôùï /admin/parametre-yonetimi
Ôö£ Ôùï /ai-ofis-asistani
Ôö£ ãÆ /api/admin/me
Ôö£ ãÆ /api/admin/mevzuat-parametreleri
Ôö£ ãÆ /api/admin/users
Ôö£ ãÆ /api/auth/login-event
Ôö£ ãÆ /api/auth/me
Ôö£ ãÆ /api/automation/webhook
Ôö£ ãÆ /api/backup/company-export
Ôö£ ãÆ /api/bank-card-ops
Ôö£ ãÆ /api/companies
Ôö£ ãÆ /api/companies/migrate
Ôö£ ãÆ /api/core/accounting-decision
Ôö£ ãÆ /api/debug/supabase-env
Ôö£ ãÆ /api/dev/core-test
Ôö£ ãÆ /api/elektraweb
Ôö£ ãÆ /api/gib-check-reminders
Ôö£ ãÆ /api/gib-credentials
Ôö£ ãÆ /api/gib-tebligat/companies
Ôö£ ãÆ /api/gib-tebligat/query
Ôö£ ãÆ /api/gib-tebligat/verify
Ôö£ ãÆ /api/knowledge/builder
Ôö£ ãÆ /api/learned-bank-rules
Ôö£ ãÆ /api/learning-memory
Ôö£ ãÆ /api/mevzuat-hap-notlari
Ôö£ ãÆ /api/official-notifications
Ôö£ ãÆ /api/official-notifications/gib-check
Ôö£ ãÆ /api/push-subscriptions
Ôö£ ãÆ /api/reconciliation-matches
Ôö£ ãÆ /api/recovery/deleted-records
Ôö£ ãÆ /api/tcmb
Ôö£ ãÆ /api/transaction-memory
Ôö£ ãÆ /auth/callback
Ôö£ Ôùï /dashboard
Ôö£ Ôùï /dashboard/ofis-takip/resmi-bildirimler
Ôö£ Ôùï /dashboard/ofis-takip/resmi-bildirimler/gib
Ôö£ Ôùï /dashboard/ofis-takip/resmi-bildirimler/kep
Ôö£ Ôùï /dashboard/ofis-takip/resmi-bildirimler/sgk
Ôö£ Ôùï /dashboard/ofis-takip/resmi-bildirimler/uets
Ôö£ Ôùï /hesaplama-araclari
Ôö£ Ôùï /hesaplama-araclari/maas-hesaplama
Ôö£ Ôùï /ik-personel
Ôö£ Ôùï /ik-personel/kidem-ihbar
Ôö£ Ôùï /login
Ôö£ Ôùï /manifest.webmanifest
Ôö£ Ôùï /mevzuat-hap-notlari
Ôö£ Ôùï /muhasebe
Ôö£ Ôùï /muhasebe/adat-hesaplama
Ôö£ Ôùï /muhasebe/ai-kontrol
Ôö£ Ôùï /muhasebe/banka-ekstresi
Ôö£ Ôùï /muhasebe/banka-kart-operasyon
Ôö£ Ôùï /muhasebe/banka-mutabakat
Ôö£ Ôùï /muhasebe/beyanname-tahakkuk
Ôö£ Ôùï /muhasebe/e-defter-kontrol
Ôö£ Ôùï /muhasebe/elektraweb
Ôö£ Ôùï /muhasebe/finansman-gider-kisitlamasi
Ôö£ Ôùï /muhasebe/firma-yonetimi
Ôö£ Ôùï /muhasebe/fis-donusturme
Ôö£ Ôùï /muhasebe/fis-kontrol
Ôö£ Ôùï /muhasebe/hesap-plani
Ôö£ Ôùï /muhasebe/islem-hafizasi
Ôö£ Ôùï /muhasebe/kdv-matrah-kontrol
Ôö£ Ôùï /muhasebe/kur-degerleme
Ôö£ Ôùï /muhasebe/kural-motoru
Ôö£ Ôùï /muhasebe/kurallar
Ôö£ Ôùï /muhasebe/luca-aktarim-kontrol
Ôö£ Ôùï /muhasebe/luca-donusturucu
Ôö£ Ôùï /muhasebe/ogrenen-hafiza
Ôö£ Ôùï /muhasebe/police-giderlestirme
Ôö£ Ôùï /muhasebe/risk-denetim-merkezi
Ôö£ Ôùï /muhasebe/toplu-kidem-ihbar
Ôö£ Ôùï /ofis-takip
Ôö£ Ôùï /otomasyon
Ôö£ Ôùï /platform/hesaplama-araclari
Ôö£ Ôùï /platform/hesaplama-araclari/maas-hesaplama
Ôö£ Ôùï /sistem-loglari
Ôö£ Ôùï /teb-luca
Ôöö Ôùï /ticaret-sicil


ãÆ Proxy (Middleware)

Ôùï  (Static)   prerendered as static content
ãÆ  (Dynamic)  server-rendered on demand

